0 verbose cli C:\Program Files\nodejs\node.exe C:\Program Files\nodejs\node_modules\npm\bin\npm-cli.js
1 info using npm@11.19.0
2 info using node@v24.20.0
3 silly config load:file:C:\Program Files\nodejs\node_modules\npm\npmrc
4 silly config load:file:C:\Users\Pichau\Downloads\Edutrack---version-2.0\.npmrc
5 silly config load:file:C:\Users\Pichau\.npmrc
6 silly config load:file:C:\Users\Pichau\AppData\Roaming\npm\etc\npmrc
7 verbose title npm exec openspec list --json
8 verbose argv "exec" "--cache" ".npm-cache" "--offline" "--" "openspec" "list" "--json"
9 verbose logfile logs-max:10 dir:C:\Users\Pichau\Downloads\Edutrack---version-2.0\.npm-cache\_logs\2026-10-04T03_31_40_912Z-
10 verbose logfile C:\Users\Pichau\Downloads\Edutrack---version-2.0\.npm-cache\_logs\2026-10-04T03_31_40_912Z-debug-0.log
11 silly logfile done cleaning log files
12 silly packumentCache heap:4496293888 maxSize:1124073472 maxEntrySize:562036736
13 verbose stack Error: request to https://registry.npmjs.org/openspec failed: cache mode is 'only-if-cached' but no cached response is available.
13 verbose stack     at cacheFetch (C:\Program Files\nodejs\node_modules\npm\node_modules\make-fetch-happen\lib\cache\index.js:12:13)
13 verbose stack     at async fetch (C:\Program Files\nodejs\node_modules\npm\node_modules\make-fetch-happen\lib\fetch.js:98:7)
13 verbose stack     at async RegistryFetcher.packument (C:\Program Files\nodejs\node_modules\npm\node_modules\pacote\lib\registry.js:90:19)
13 verbose stack     at async RegistryFetcher.manifest (C:\Program Files\nodejs\node_modules\npm\node_modules\pacote\lib\registry.js:128:23)
13 verbose stack     at async getManifest (C:\Program Files\nodejs\node_modules\npm\node_modules\libnpmexec\lib\index.js:28:22)
13 verbose stack     at async missingFromTree (C:\Program Files\nodejs\node_modules\npm\node_modules\libnpmexec\lib\index.js:68:22)
13 verbose stack     at async C:\Program Files\nodejs\node_modules\npm\node_modules\libnpmexec\lib\index.js:199:32
13 verbose stack     at async Promise.all (index 0)
13 verbose stack     at async exec (C:\Program Files\nodejs\node_modules\npm\node_modules\libnpmexec\lib\index.js:197:3)
13 verbose stack     at async Npm.exec (C:\Program Files\nodejs\node_modules\npm\lib\npm.js:193:9)
14 error code ENOTCACHED
15 error request to https://registry.npmjs.org/openspec failed: cache mode is 'only-if-cached' but no cached response is available.
16 verbose cwd C:\Users\Pichau\Downloads\Edutrack---version-2.0
17 verbose os Windows_NT 10.0.26200
18 verbose node v24.20.0
19 verbose npm  v11.19.0
20 verbose exit 1
21 verbose code 1
22 error A complete log of this run can be found in: C:\Users\Pichau\Downloads\Edutrack---version-2.0\.npm-cache\_logs\2026-10-04T03_31_40_912Z-debug-0.log
